// Jest Snapshot v1, https://goo.gl/fbAQLP

exports[`ReactTest should match snapshot 1`] = `
<div>
  <button
    class="component"
  >
    ❌️
     Click me!
  </button>
</div>
`;
